// Jest Snapshot v1, https://goo.gl/fbAQLP

exports[`renders without crashing 1`] = `
ShallowWrapper {
  "complexSelector": ComplexSelector {
    "buildPredicate": [Function],
    "childrenOfNode": [Function],
    "findWhereUnwrapped": [Function],
  },
  "length": 1,
  "node": <styled.section>
    <Track
        icon="icon-vocals.svg"
        name="vocal"
        playing={undefined}
    />
    <Track
        icon="icon-guitar.svg"
        name="guitar"
        playing={undefined}
    />
    <Track
        icon="icon-drums.svg"
        name="drums"
        playing={undefined}
    />
</styled.section>,
  "nodes": Array [
    <styled.section>
      <Track
            icon="icon-vocals.svg"
            name="vocal"
            playing={undefined}
      />
      <Track
            icon="icon-guitar.svg"
            name="guitar"
            playing={undefined}
      />
      <Track
            icon="icon-drums.svg"
            name="drums"
            playing={undefined}
      />
</styled.section>,
  ],
  "options": Object {},
  "renderer": ReactShallowRenderer {
    "_instance": ShallowComponentWrapper {
      "_calledComponentWillUnmount": false,
      "_compositeType": 2,
      "_context": Object {},
      "_currentElement": <MultiTrack />,
      "_debugID": 1,
      "_hostContainerInfo": null,
      "_hostParent": null,
      "_instance": StatelessComponent {
        "_reactInternalInstance": [Circular],
        "context": Object {},
        "props": Object {},
        "refs": Object {},
        "state": null,
        "updater": Object {
          "enqueueCallback": [Function],
          "enqueueCallbackInternal": [Function],
          "enqueueElementInternal": [Function],
          "enqueueForceUpdate": [Function],
          "enqueueReplaceState": [Function],
          "enqueueSetState": [Function],
          "isMounted": [Function],
          "validateCallback": [Function],
        },
      },
      "_mountOrder": 1,
      "_pendingCallbacks": null,
      "_pendingElement": null,
      "_pendingForceUpdate": false,
      "_pendingReplaceState": false,
      "_pendingStateQueue": null,
      "_renderedComponent": NoopInternalComponent {
        "_currentElement": <styled.section>
          <Track
                    icon="icon-vocals.svg"
                    name="vocal"
                    playing={undefined}
          />
          <Track
                    icon="icon-guitar.svg"
                    name="guitar"
                    playing={undefined}
          />
          <Track
                    icon="icon-drums.svg"
                    name="drums"
                    playing={undefined}
          />
</styled.section>,
        "_debugID": 2,
        "_renderedOutput": <styled.section>
          <Track
                    icon="icon-vocals.svg"
                    name="vocal"
                    playing={undefined}
          />
          <Track
                    icon="icon-guitar.svg"
                    name="guitar"
                    playing={undefined}
          />
          <Track
                    icon="icon-drums.svg"
                    name="drums"
                    playing={undefined}
          />
</styled.section>,
      },
      "_renderedNodeType": 1,
      "_rootNodeID": 0,
      "_topLevelWrapper": null,
      "_updateBatchNumber": null,
      "_warnedAboutRefsInRender": false,
    },
    "getRenderOutput": [Function],
    "render": [Function],
  },
  "root": [Circular],
  "unrendered": <MultiTrack />,
}
`;
